
> vantura-digital@0.1.0 build
> next build

   Γû▓ Next.js 15.5.10
   - Environments: .env.local

   Creating an optimized production build ...
node.exe : Failed to 
compile.
At line:1 char:1
+ & "C:\Program Files
\nodejs/node.exe" 
"C:\Program 
Files\nodejs/node_mo 
...
+ ~~~~~~~~~~~~~~~~~~~
~~~~~~~~~~~~~~~~~~~~~
~~~~~~~~~~~~~~~~~~~~~
~~~~~~~~
    + CategoryInfo   
           : NotSpe  
  cified: (Failed    
 to compile.:Stri    
ng) [], RemoteEx    
ception
    + FullyQualified 
   ErrorId : Native  
  CommandError
 

./node_modules/histor
y/index.js
Module not found: 
Can't resolve '@babel
/runtime/helpers/esm/
extends'

https://nextjs.org/do
cs/messages/module-no
t-found

Import trace for 
requested module:
./node_modules/next-s
anity/dist/NextStudio
.js
./node_modules/next-s
anity/dist/studio/cli
ent-component/index.j
s

./node_modules/polish
ed/dist/polished.esm.
js
Module not found: 
Can't resolve '@babel
/runtime/helpers/esm/
extends'

https://nextjs.org/do
cs/messages/module-no
t-found

Import trace for 
requested module:
./node_modules/sanity
/lib/index.js
./sanity.config.ts

./node_modules/polish
ed/dist/polished.esm.
js
Module not found: 
Can't resolve '@babel
/runtime/helpers/esm/
assertThisInitialized
'

https://nextjs.org/do
cs/messages/module-no
t-found

Import trace for 
requested module:
./node_modules/sanity
/lib/index.js
./sanity.config.ts

./node_modules/polish
ed/dist/polished.esm.
js
Module not found: 
Can't resolve '@babel
/runtime/helpers/esm/
inheritsLoose'

https://nextjs.org/do
cs/messages/module-no
t-found

Import trace for 
requested module:
./node_modules/sanity
/lib/index.js
./sanity.config.ts

./node_modules/polish
ed/dist/polished.esm.
js
Module not found: 
Can't resolve '@babel
/runtime/helpers/esm/
wrapNativeSuper'

https://nextjs.org/do
cs/messages/module-no
t-found

Import trace for 
requested module:
./node_modules/sanity
/lib/index.js
./sanity.config.ts


> Build failed 
because of webpack 
errors
